[backblue.gif]
[fade.gif]
[index.html]
[amarresconjurosyhechizos.com/img/favicon.png]
[amarresconjurosyhechizos.com/img/apple-touch-icon.png]
[maxcdn.bootstrapcdn.com/font-awesome/4.5.0/css/font-awesome.min.css]
[amarresconjurosyhechizos.com/img/intro-carousel/1.jpg]
[amarresconjurosyhechizos.com/img/intro-carousel/2.jpg]
[amarresconjurosyhechizos.com/img/intro-carousel/3.jpg]
[amarresconjurosyhechizos.com/img/intro-carousel/4.jpg]
[amarresconjurosyhechizos.com/img/intro-carousel/5.jpg]
[amarresconjurosyhechizos.com/img/about-mission.jpg]
[amarresconjurosyhechizos.com/img/about-plan.jpg]
[amarresconjurosyhechizos.com/img/about-vision.jpg]
[amarresconjurosyhechizos.com/img/plan.jpg]
[amarresconjurosyhechizos.com/img/about.jpg]
[amarresconjurosyhechizos.com/img/vision.jpg]
[amarresconjurosyhechizos.com/img/testimonial-1.jpg]
[amarresconjurosyhechizos.com/img/quote-sign-left.png]
[amarresconjurosyhechizos.com/img/quote-sign-right.png]
[amarresconjurosyhechizos.com/img/testimonial-4.jpg]
[amarresconjurosyhechizos.com/img/testimonial-5.jpg]
[amarresconjurosyhechizos.com/lib/jquery/jquery.min.js]
[amarresconjurosyhechizos.com/lib/jquery/jquery-migrate.min.js]
[amarresconjurosyhechizos.com/lib/bootstrap/js/bootstrap.bundle.min.js]
[amarresconjurosyhechizos.com/lib/easing/easing.min.js]
[amarresconjurosyhechizos.com/lib/superfish/hoverIntent.js]
[amarresconjurosyhechizos.com/lib/superfish/superfish.min.js]
[amarresconjurosyhechizos.com/lib/wow/wow.min.js]
[amarresconjurosyhechizos.com/lib/waypoints/waypoints.min.js]
[amarresconjurosyhechizos.com/lib/counterup/counterup.min.js]
[amarresconjurosyhechizos.com/lib/owlcarousel/owl.carousel.min.js]
[amarresconjurosyhechizos.com/lib/lightbox/js/lightbox.min.js]
[amarresconjurosyhechizos.com/lib/touchSwipe/jquery.touchSwipe.min.js]
[amarresconjurosyhechizos.com/contactform/contactform.js]
[amarresconjurosyhechizos.com/js/main.js]
[amarresconjurosyhechizos.com/index.html]
[amarresconjurosyhechizos.com/img/apple-touch-icon.png]
[amarresconjurosyhechizos.com/lib/font-awesome/fonts/fontawesome-webfont-v=4.7.0.eot]
[amarresconjurosyhechizos.com/lib/font-awesome/fonts/fontawesome-webfont-.eot]
[amarresconjurosyhechizos.com/lib/font-awesome/fonts/fontawesome-webfont-v=4.7.0.woff2]
[amarresconjurosyhechizos.com/lib/font-awesome/fonts/fontawesome-webfont-v=4.7.0.woff]
[amarresconjurosyhechizos.com/lib/font-awesome/fonts/fontawesome-webfont-v=4.7.0.ttf]
[amarresconjurosyhechizos.com/lib/font-awesome/css/font-awesome.min.css]
[amarresconjurosyhechizos.com/lib/animate/animate.min.css]
[amarresconjurosyhechizos.com/lib/ionicons/fonts/ionicons-v=2.0.0.eot]
[amarresconjurosyhechizos.com/lib/ionicons/fonts/ionicons-v=2.0.0.ttf]
[amarresconjurosyhechizos.com/lib/ionicons/fonts/ionicons-v=2.0.0.woff]
[amarresconjurosyhechizos.com/lib/ionicons/css/ionicons.min.css]
[amarresvidenciaamor.com/css/Back to top button.html]
[amarresconjurosyhechizos.com/lib/owlcarousel/assets/owl.video.play.png]
[amarresconjurosyhechizos.com/lib/owlcarousel/assets/owl.carousel.min.css]
[amarresconjurosyhechizos.com/lib/lightbox/images/loading.gif]
[amarresconjurosyhechizos.com/lib/lightbox/css/lightbox.min.css]
[amarresconjurosyhechizos.com/img/about-bg.jpg]
[amarresconjurosyhechizos.com/img/call-to-action-bg.jpg]
[amarresconjurosyhechizos.com/img/facts-bg.jpg]
[amarresconjurosyhechizos.com/css/style.css]
[maxcdn.bootstrapcdn.com/font-awesome/4.5.0/css/font-awesome.min.css]
[amarresconjurosyhechizos.com/index-2.html]
[amarresconjurosyhechizos.com/img/intro-carousel/1.jpg]
[amarresconjurosyhechizos.com/img/intro-carousel/2.jpg]
[amarresconjurosyhechizos.com/img/intro-carousel/5.jpg]
[amarresconjurosyhechizos.com/img/about.jpg]
[amarresconjurosyhechizos.com/img/testimonial-1.jpg]
[amarresconjurosyhechizos.com/img/apple-touch-icon.png]
[amarresconjurosyhechizos.com/lib/bootstrap/css/bootstrap.min.css]
[amarresconjurosyhechizos.com/lib/font-awesome/fonts/fontawesome-webfont-v=4.7.0.eot]
[amarresconjurosyhechizos.com/lib/font-awesome/fonts/fontawesome-webfont-v=4.7.0.woff2]
[amarresconjurosyhechizos.com/lib/isotope/isotope.pkgd.min.js]
[amarresconjurosyhechizos.com/lib/font-awesome/fonts/fontawesome-webfont-v=4.7.0.ttf]
[amarresconjurosyhechizos.com/lib/ionicons/fonts/ionicons-v=2.0.0.ttf]
[amarresconjurosyhechizos.com/lib/owlcarousel/owl.carousel.min.js]
[amarresconjurosyhechizos.com/img/about-bg.jpg]
[amarresconjurosyhechizos.com/img/intro-carousel/5.jpg]
[amarresconjurosyhechizos.com/lib/font-awesome/fonts/fontawesome-webfont-v=4.7.0.svg]
[amarresconjurosyhechizos.com/lib/ionicons/fonts/ionicons-v=2.0.0.svg]
[amarresconjurosyhechizos.com/img/about-bg.jpg]
